[preview.colorlib.com/theme/kiddy/index.html]
[backblue.gif]
[fade.gif]
[index.html]
[preview.colorlib.com/theme/kiddy/fonts/icomoon/style.css]
[preview.colorlib.com/theme/kiddy/css/bootstrap.min.css]
[preview.colorlib.com/theme/kiddy/css/bootstrap-datepicker.css]
[preview.colorlib.com/theme/kiddy/css/jquery.fancybox.min.css]
[preview.colorlib.com/theme/kiddy/css/owl.carousel.min.css]
[preview.colorlib.com/theme/kiddy/css/owl.theme.default.min.css]
[preview.colorlib.com/theme/kiddy/fonts/flaticon/font/flaticon.css]
[preview.colorlib.com/theme/kiddy/css/aos.css]
[preview.colorlib.com/theme/kiddy/css/style.css]
[preview.colorlib.com/theme/kiddy/index-2.html]
[preview.colorlib.com/theme/kiddy/about.html]
[preview.colorlib.com/theme/kiddy/packages.html]
[preview.colorlib.com/theme/kiddy/gallery.html]
[preview.colorlib.com/theme/kiddy/pricing.html]
[preview.colorlib.com/theme/kiddy/contact.html]
[preview.colorlib.com/theme/kiddy/images/kid_transparent.png]
[preview.colorlib.com/theme/kiddy/images/img_1.jpg]
[preview.colorlib.com/theme/kiddy/images/flaticon/svg/001-jigsaw.svg]
[preview.colorlib.com/theme/kiddy/images/flaticon/svg/002-target.svg]
[preview.colorlib.com/theme/kiddy/images/flaticon/svg/003-mission.svg]
[preview.colorlib.com/theme/kiddy/images/person_1.jpg]
[preview.colorlib.com/theme/kiddy/images/person_3.jpg]
[preview.colorlib.com/theme/kiddy/images/person_2.jpg]
[preview.colorlib.com/theme/kiddy/js/jquery-3.3.1.min.js]
[preview.colorlib.com/theme/kiddy/js/jquery-migrate-3.0.0.js]
[preview.colorlib.com/theme/kiddy/js/popper.min.js]
[preview.colorlib.com/theme/kiddy/js/bootstrap.min.js]
[preview.colorlib.com/theme/kiddy/js/owl.carousel.min.js]
[preview.colorlib.com/theme/kiddy/js/jquery.sticky.js]
[preview.colorlib.com/theme/kiddy/js/jquery.waypoints.min.js]
[preview.colorlib.com/theme/kiddy/js/jquery.animateNumber.min.js]
[preview.colorlib.com/theme/kiddy/js/jquery.fancybox.min.js]
[preview.colorlib.com/theme/kiddy/js/jquery.stellar.min.js]
[preview.colorlib.com/theme/kiddy/js/jquery.easing.1.3.js]
[preview.colorlib.com/theme/kiddy/js/bootstrap-datepicker.min.js]
[preview.colorlib.com/theme/kiddy/js/aos.js]
[preview.colorlib.com/theme/kiddy/index.html]
[preview.colorlib.com/theme/kiddy/js/main.js]
[preview.colorlib.com/theme/kiddy/fonts/icomoon/fonts/icomoon1a44.eot]
[preview.colorlib.com/theme/kiddy/fonts/icomoon/fonts/icomoon1a44.ttf]
[preview.colorlib.com/theme/kiddy/fonts/icomoon/fonts/icomoon1a44.woff]
[preview.colorlib.com/theme/kiddy/fonts/icomoon/style.css]
[preview.colorlib.com/theme/kiddy/css/bootstrap.min.css]
[preview.colorlib.com/theme/kiddy/css/bootstrap-datepicker.css]
[preview.colorlib.com/theme/kiddy/css/jquery.fancybox.min.css]
[preview.colorlib.com/theme/kiddy/fonts/icomoon/fonts/icomoon1a44.svg]
[preview.colorlib.com/theme/kiddy/css/owl.video.play.png]
[preview.colorlib.com/theme/kiddy/css/owl.carousel.min.css]
[preview.colorlib.com/theme/kiddy/css/owl.theme.default.min.css]
[preview.colorlib.com/theme/kiddy/fonts/flaticon/font/Flaticon.eot]
[preview.colorlib.com/theme/kiddy/fonts/flaticon/font/Flaticond41d.eot]
[preview.colorlib.com/theme/kiddy/fonts/flaticon/font/Flaticon.woff2]
[preview.colorlib.com/theme/kiddy/fonts/flaticon/font/Flaticon.woff]
[preview.colorlib.com/theme/kiddy/fonts/flaticon/font/Flaticon.ttf]
[preview.colorlib.com/theme/kiddy/fonts/flaticon/font/flaticon.css]
[preview.colorlib.com/theme/kiddy/css/aos.css]
[preview.colorlib.com/theme/kiddy/fonts/flaticon/font/Flaticon.svg]
[preview.colorlib.com/theme/kiddy/images/white-dots.png]
[preview.colorlib.com/theme/kiddy/css/style.css]
[preview.colorlib.com/theme/kiddy/index-2.html]
[preview.colorlib.com/theme/kiddy/images/hero_1.jpg]
[preview.colorlib.com/theme/kiddy/images/person_4.jpg]
[preview.colorlib.com/theme/kiddy/about.html]
[preview.colorlib.com/theme/kiddy/images/person_5.jpg]
[preview.colorlib.com/theme/kiddy/packages.html]
[preview.colorlib.com/theme/kiddy/images/img_2.jpg]
[preview.colorlib.com/theme/kiddy/images/img_3.jpg]
[preview.colorlib.com/theme/kiddy/images/img_4.jpg]
[preview.colorlib.com/theme/kiddy/images/img_5.jpg]
[preview.colorlib.com/theme/kiddy/gallery.html]
[preview.colorlib.com/theme/kiddy/pricing.html]
[static.cloudflareinsights.com/beacon.min.js]
[preview.colorlib.com/theme/kiddy/contact.html]
[preview.colorlib.com/theme/kiddy/images/flaticon/svg/001-jigsaw.svg]
[preview.colorlib.com/theme/kiddy/images/flaticon/svg/002-target.svg]
[preview.colorlib.com/theme/kiddy/images/flaticon/svg/003-mission.svg]
[preview.colorlib.com/cdn-cgi/scripts/5c5dd728/cloudflare-static/email-decode.min.js]
[preview.colorlib.com/theme/kiddy/fonts/icomoon/fonts/icomoon1a44.svg]
[preview.colorlib.com/theme/kiddy/css/owl.video.play.html]
[preview.colorlib.com/theme/kiddy/fonts/flaticon/font/Flaticon.svg]
